2D linear elastic plane stress material with Young's modulus = 5, Poissons ratio = 0.2 and density = 1 and scaling factor = 1e-20
2D linear elastic plane stress material with Young's modulus = 5, Poissons ratio = 0.2 and density = 1 and scaling factor = 1
2D linear elastic plane stress material with Young's modulus = 5, Poissons ratio = 0.2 and density = 1 and scaling factor = 1e-20
2D linear elastic plane stress material with Young's modulus = 5, Poissons ratio = 0.2 and density = 1 and scaling factor = 1
2D linear elastic plane stress material with Young's modulus = 5, Poissons ratio = 0.2 and density = 1 and scaling factor = 1e-20
2D linear elastic plane stress material with Young's modulus = 5, Poissons ratio = 0.2 and density = 1 and scaling factor = 1
2D linear elastic plane stress material with Young's modulus = 5, Poissons ratio = 0.2 and density = 1 and scaling factor = 1e-20
2D linear elastic plane stress material with Young's modulus = 5, Poissons ratio = 0.2 and density = 1 and scaling factor = 1
2D linear elastic plane stress material with Young's modulus = 5, Poissons ratio = 0.2 and density = 1 and scaling factor = 1e-20
2D linear elastic plane stress material with Young's modulus = 5, Poissons ratio = 0.2 and density = 1 and scaling factor = 1
2D linear elastic plane stress material with Young's modulus = 5, Poissons ratio = 0.2 and density = 1 and scaling factor = 1e-20
2D linear elastic plane stress material with Young's modulus = 5, Poissons ratio = 0.2 and density = 1 and scaling factor = 1
2D linear elastic plane stress material with Young's modulus = 5, Poissons ratio = 0.2 and density = 1 and scaling factor = 1e-20
2D linear elastic plane stress material with Young's modulus = 5, Poissons ratio = 0.2 and density = 1 and scaling factor = 1
2D linear elastic plane stress material with Young's modulus = 5, Poissons ratio = 0.2 and density = 1 and scaling factor = 1e-20
2D linear elastic plane stress material with Young's modulus = 5, Poissons ratio = 0.2 and density = 1 and scaling factor = 1
2D linear elastic plane stress material with Young's modulus = 5, Poissons ratio = 0.2 and density = 1 and scaling factor = 1e-20
2D linear elastic plane stress material with Young's modulus = 5, Poissons ratio = 0.2 and density = 1 and scaling factor = 1
2D linear elastic plane stress material with Young's modulus = 5, Poissons ratio = 0.2 and density = 1 and scaling factor = 1e-20
2D linear elastic plane stress material with Young's modulus = 5, Poissons ratio = 0.2 and density = 1 and scaling factor = 1
2D linear elastic plane stress material with Young's modulus = 5, Poissons ratio = 0.2 and density = 1 and scaling factor = 1e-20
2D linear elastic plane stress material with Young's modulus = 5, Poissons ratio = 0.2 and density = 1 and scaling factor = 1
2D linear elastic plane stress material with Young's modulus = 5, Poissons ratio = 0.2 and density = 1 and scaling factor = 1e-20
2D linear elastic plane stress material with Young's modulus = 5, Poissons ratio = 0.2 and density = 1 and scaling factor = 1
2D linear elastic plane stress material with Young's modulus = 5, Poissons ratio = 0.2 and density = 1 and scaling factor = 1e-20
2D linear elastic plane stress material with Young's modulus = 5, Poissons ratio = 0.2 and density = 1 and scaling factor = 1
2D linear elastic plane stress material with Young's modulus = 5, Poissons ratio = 0.2 and density = 1 and scaling factor = 1e-20
2D linear elastic plane stress material with Young's modulus = 5, Poissons ratio = 0.2 and density = 1 and scaling factor = 1
2D linear elastic plane stress material with Young's modulus = 5, Poissons ratio = 0.2 and density = 1 and scaling factor = 1e-20
2D linear elastic plane stress material with Young's modulus = 5, Poissons ratio = 0.2 and density = 1 and scaling factor = 1
2D linear elastic plane stress material with Young's modulus = 5, Poissons ratio = 0.2 and density = 1 and scaling factor = 1e-20
2D linear elastic plane stress material with Young's modulus = 5, Poissons ratio = 0.2 and density = 1 and scaling factor = 1
2D linear elastic plane stress material with Young's modulus = 5, Poissons ratio = 0.2 and density = 1 and scaling factor = 1e-20
2D linear elastic plane stress material with Young's modulus = 5, Poissons ratio = 0.2 and density = 1 and scaling factor = 1
2D linear elastic plane stress material with Young's modulus = 5, Poissons ratio = 0.2 and density = 1 and scaling factor = 1e-20
2D linear elastic plane stress material with Young's modulus = 5, Poissons ratio = 0.2 and density = 1 and scaling factor = 1
2D linear elastic plane stress material with Young's modulus = 5, Poissons ratio = 0.2 and density = 1 and scaling factor = 1e-20
2D linear elastic plane stress material with Young's modulus = 5, Poissons ratio = 0.2 and density = 1 and scaling factor = 1
2D linear elastic plane stress material with Young's modulus = 5, Poissons ratio = 0.2 and density = 1 and scaling factor = 1e-20
2D linear elastic plane stress material with Young's modulus = 5, Poissons ratio = 0.2 and density = 1 and scaling factor = 1
2D linear elastic plane stress material with Young's modulus = 5, Poissons ratio = 0.2 and density = 1 and scaling factor = 1e-20
2D linear elastic plane stress material with Young's modulus = 5, Poissons ratio = 0.2 and density = 1 and scaling factor = 1
2D linear elastic plane stress material with Young's modulus = 5, Poissons ratio = 0.2 and density = 1 and scaling factor = 1e-20
2D linear elastic plane stress material with Young's modulus = 5, Poissons ratio = 0.2 and density = 1 and scaling factor = 1
2D linear elastic plane stress material with Young's modulus = 5, Poissons ratio = 0.2 and density = 1 and scaling factor = 1e-20
2D linear elastic plane stress material with Young's modulus = 5, Poissons ratio = 0.2 and density = 1 and scaling factor = 1
2D linear elastic plane stress material with Young's modulus = 5, Poissons ratio = 0.2 and density = 1 and scaling factor = 1e-20
2D linear elastic plane stress material with Young's modulus = 5, Poissons ratio = 0.2 and density = 1 and scaling factor = 1
2D linear elastic plane stress material with Young's modulus = 5, Poissons ratio = 0.2 and density = 1 and scaling factor = 1e-20
2D linear elastic plane stress material with Young's modulus = 5, Poissons ratio = 0.2 and density = 1 and scaling factor = 1
2D linear elastic plane stress material with Young's modulus = 5, Poissons ratio = 0.2 and density = 1 and scaling factor = 1e-20
2D linear elastic plane stress material with Young's modulus = 5, Poissons ratio = 0.2 and density = 1 and scaling factor = 1
2D linear elastic plane stress material with Young's modulus = 5, Poissons ratio = 0.2 and density = 1 and scaling factor = 1e-20
2D linear elastic plane stress material with Young's modulus = 5, Poissons ratio = 0.2 and density = 1 and scaling factor = 1
2D linear elastic plane stress material with Young's modulus = 5, Poissons ratio = 0.2 and density = 1 and scaling factor = 1e-20
2D linear elastic plane stress material with Young's modulus = 5, Poissons ratio = 0.2 and density = 1 and scaling factor = 1
2D linear elastic plane stress material with Young's modulus = 5, Poissons ratio = 0.2 and density = 1 and scaling factor = 1e-20
2D linear elastic plane stress material with Young's modulus = 5, Poissons ratio = 0.2 and density = 1 and scaling factor = 1
2D linear elastic plane stress material with Young's modulus = 5, Poissons ratio = 0.2 and density = 1 and scaling factor = 1e-20
2D linear elastic plane stress material with Young's modulus = 5, Poissons ratio = 0.2 and density = 1 and scaling factor = 1
2D linear elastic plane stress material with Young's modulus = 5, Poissons ratio = 0.2 and density = 1 and scaling factor = 1e-20
2D linear elastic plane stress material with Young's modulus = 5, Poissons ratio = 0.2 and density = 1 and scaling factor = 1
2D linear elastic plane stress material with Young's modulus = 5, Poissons ratio = 0.2 and density = 1 and scaling factor = 1e-20
2D linear elastic plane stress material with Young's modulus = 5, Poissons ratio = 0.2 and density = 1 and scaling factor = 1
2D linear elastic plane stress material with Young's modulus = 5, Poissons ratio = 0.2 and density = 1 and scaling factor = 1e-20
2D linear elastic plane stress material with Young's modulus = 5, Poissons ratio = 0.2 and density = 1 and scaling factor = 1
2D linear elastic plane stress material with Young's modulus = 5, Poissons ratio = 0.2 and density = 1 and scaling factor = 1e-20
2D linear elastic plane stress material with Young's modulus = 5, Poissons ratio = 0.2 and density = 1 and scaling factor = 1
2D linear elastic plane stress material with Young's modulus = 5, Poissons ratio = 0.2 and density = 1 and scaling factor = 1e-20
2D linear elastic plane stress material with Young's modulus = 5, Poissons ratio = 0.2 and density = 1 and scaling factor = 1
2D linear elastic plane stress material with Young's modulus = 5, Poissons ratio = 0.2 and density = 1 and scaling factor = 1e-20
2D linear elastic plane stress material with Young's modulus = 5, Poissons ratio = 0.2 and density = 1 and scaling factor = 1
2D linear elastic plane stress material with Young's modulus = 5, Poissons ratio = 0.2 and density = 1 and scaling factor = 1e-20
2D linear elastic plane stress material with Young's modulus = 5, Poissons ratio = 0.2 and density = 1 and scaling factor = 1
2D linear elastic plane stress material with Young's modulus = 5, Poissons ratio = 0.2 and density = 1 and scaling factor = 1e-20
2D linear elastic plane stress material with Young's modulus = 5, Poissons ratio = 0.2 and density = 1 and scaling factor = 1
2D linear elastic plane stress material with Young's modulus = 5, Poissons ratio = 0.2 and density = 1 and scaling factor = 1e-20
2D linear elastic plane stress material with Young's modulus = 5, Poissons ratio = 0.2 and density = 1 and scaling factor = 1
2D linear elastic plane stress material with Young's modulus = 5, Poissons ratio = 0.2 and density = 1 and scaling factor = 1e-20
2D linear elastic plane stress material with Young's modulus = 5, Poissons ratio = 0.2 and density = 1 and scaling factor = 1
2D linear elastic plane stress material with Young's modulus = 5, Poissons ratio = 0.2 and density = 1 and scaling factor = 1e-20
2D linear elastic plane stress material with Young's modulus = 5, Poissons ratio = 0.2 and density = 1 and scaling factor = 1
2D linear elastic plane stress material with Young's modulus = 5, Poissons ratio = 0.2 and density = 1 and scaling factor = 1e-20
2D linear elastic plane stress material with Young's modulus = 5, Poissons ratio = 0.2 and density = 1 and scaling factor = 1
2D linear elastic plane stress material with Young's modulus = 5, Poissons ratio = 0.2 and density = 1 and scaling factor = 1e-20
2D linear elastic plane stress material with Young's modulus = 5, Poissons ratio = 0.2 and density = 1 and scaling factor = 1
2D linear elastic plane stress material with Young's modulus = 5, Poissons ratio = 0.2 and density = 1 and scaling factor = 1e-20
2D linear elastic plane stress material with Young's modulus = 5, Poissons ratio = 0.2 and density = 1 and scaling factor = 1
