1D linear elastic material with Young's modulus = 10, area = 2, density = 1 and scaling factor = 1
1D linear elastic material with Young's modulus = 1, area = 1, density = 1 and scaling factor = 1
1D linear elastic material with Young's modulus = 10, area = 2, density = 1 and scaling factor = 1
1D linear elastic material with Young's modulus = 1, area = 1, density = 1 and scaling factor = 1
1D linear elastic material with Young's modulus = 10, area = 2, density = 1 and scaling factor = 1
1D linear elastic material with Young's modulus = 1, area = 1, density = 1 and scaling factor = 1
1D linear elastic material with Young's modulus = 10, area = 2, density = 1 and scaling factor = 1
1D linear elastic material with Young's modulus = 1, area = 1, density = 1 and scaling factor = 1
1D linear elastic material with Young's modulus = 10, area = 2, density = 1 and scaling factor = 1
1D linear elastic material with Young's modulus = 1, area = 1, density = 1 and scaling factor = 1
1D linear elastic material with Young's modulus = 10, area = 2, density = 1 and scaling factor = 1
1D linear elastic material with Young's modulus = 1, area = 1, density = 1 and scaling factor = 1
1D linear elastic material with Young's modulus = 10, area = 2, density = 1 and scaling factor = 1
1D linear elastic material with Young's modulus = 1, area = 1, density = 1 and scaling factor = 1
1D linear elastic material with Young's modulus = 10, area = 2, density = 1 and scaling factor = 1
1D linear elastic material with Young's modulus = 1, area = 1, density = 1 and scaling factor = 1
1D linear elastic material with Young's modulus = 10, area = 2, density = 1 and scaling factor = 1
1D linear elastic material with Young's modulus = 1, area = 1, density = 1 and scaling factor = 1
1D linear elastic material with Young's modulus = 10, area = 2, density = 1 and scaling factor = 1
1D linear elastic material with Young's modulus = 1, area = 1, density = 1 and scaling factor = 1
1D linear elastic material with Young's modulus = 10, area = 2, density = 1 and scaling factor = 1
1D linear elastic material with Young's modulus = 1, area = 1, density = 1 and scaling factor = 1
1D linear elastic material with Young's modulus = 10, area = 2, density = 1 and scaling factor = 1
1D linear elastic material with Young's modulus = 1, area = 1, density = 1 and scaling factor = 1
1D linear elastic material with Young's modulus = 10, area = 2, density = 1 and scaling factor = 1
1D linear elastic material with Young's modulus = 1, area = 1, density = 1 and scaling factor = 1
1D linear elastic material with Young's modulus = 10, area = 2, density = 1 and scaling factor = 1
1D linear elastic material with Young's modulus = 1, area = 1, density = 1 and scaling factor = 1
1D linear elastic material with Young's modulus = 10, area = 2, density = 1 and scaling factor = 1
1D linear elastic material with Young's modulus = 1, area = 1, density = 1 and scaling factor = 1
1D linear elastic material with Young's modulus = 10, area = 2, density = 1 and scaling factor = 1
1D linear elastic material with Young's modulus = 1, area = 1, density = 1 and scaling factor = 1
1D linear elastic material with Young's modulus = 10, area = 2, density = 1 and scaling factor = 1
1D linear elastic material with Young's modulus = 1, area = 1, density = 1 and scaling factor = 1
1D linear elastic material with Young's modulus = 10, area = 2, density = 1 and scaling factor = 1
1D linear elastic material with Young's modulus = 1, area = 1, density = 1 and scaling factor = 1
1D linear elastic material with Young's modulus = 10, area = 2, density = 1 and scaling factor = 1
1D linear elastic material with Young's modulus = 1, area = 1, density = 1 and scaling factor = 1
1D linear elastic material with Young's modulus = 10, area = 2, density = 1 and scaling factor = 1
1D linear elastic material with Young's modulus = 1, area = 1, density = 1 and scaling factor = 1
1D linear elastic material with Young's modulus = 10, area = 2, density = 1 and scaling factor = 1
1D linear elastic material with Young's modulus = 1, area = 1, density = 1 and scaling factor = 1
1D linear elastic material with Young's modulus = 10, area = 2, density = 1 and scaling factor = 1
1D linear elastic material with Young's modulus = 1, area = 1, density = 1 and scaling factor = 1
1D linear elastic material with Young's modulus = 10, area = 2, density = 1 and scaling factor = 1
1D linear elastic material with Young's modulus = 1, area = 1, density = 1 and scaling factor = 1
1D linear elastic material with Young's modulus = 10, area = 2, density = 1 and scaling factor = 1
1D linear elastic material with Young's modulus = 1, area = 1, density = 1 and scaling factor = 1
1D linear elastic material with Young's modulus = 10, area = 2, density = 1 and scaling factor = 1
1D linear elastic material with Young's modulus = 1, area = 1, density = 1 and scaling factor = 1
1D linear elastic material with Young's modulus = 10, area = 2, density = 1 and scaling factor = 1
1D linear elastic material with Young's modulus = 1, area = 1, density = 1 and scaling factor = 1
1D linear elastic material with Young's modulus = 10, area = 2, density = 1 and scaling factor = 1
1D linear elastic material with Young's modulus = 1, area = 1, density = 1 and scaling factor = 1
1D linear elastic material with Young's modulus = 10, area = 2, density = 1 and scaling factor = 1
1D linear elastic material with Young's modulus = 1, area = 1, density = 1 and scaling factor = 1
1D linear elastic material with Young's modulus = 10, area = 2, density = 1 and scaling factor = 1
1D linear elastic material with Young's modulus = 1, area = 1, density = 1 and scaling factor = 1
1D linear elastic material with Young's modulus = 10, area = 2, density = 1 and scaling factor = 1
1D linear elastic material with Young's modulus = 1, area = 1, density = 1 and scaling factor = 1
1D linear elastic material with Young's modulus = 10, area = 2, density = 1 and scaling factor = 1
1D linear elastic material with Young's modulus = 1, area = 1, density = 1 and scaling factor = 1
1D linear elastic material with Young's modulus = 10, area = 2, density = 1 and scaling factor = 1
1D linear elastic material with Young's modulus = 1, area = 1, density = 1 and scaling factor = 1
1D linear elastic material with Young's modulus = 10, area = 2, density = 1 and scaling factor = 1
1D linear elastic material with Young's modulus = 1, area = 1, density = 1 and scaling factor = 1
1D linear elastic material with Young's modulus = 10, area = 2, density = 1 and scaling factor = 1
1D linear elastic material with Young's modulus = 1, area = 1, density = 1 and scaling factor = 1
1D linear elastic material with Young's modulus = 10, area = 2, density = 1 and scaling factor = 1
1D linear elastic material with Young's modulus = 1, area = 1, density = 1 and scaling factor = 1
1D linear elastic material with Young's modulus = 10, area = 2, density = 1 and scaling factor = 1
1D linear elastic material with Young's modulus = 1, area = 1, density = 1 and scaling factor = 1
1D linear elastic material with Young's modulus = 10, area = 2, density = 1 and scaling factor = 1
1D linear elastic material with Young's modulus = 1, area = 1, density = 1 and scaling factor = 1
1D linear elastic material with Young's modulus = 10, area = 2, density = 1 and scaling factor = 1
1D linear elastic material with Young's modulus = 1, area = 1, density = 1 and scaling factor = 1
1D linear elastic material with Young's modulus = 10, area = 2, density = 1 and scaling factor = 1
1D linear elastic material with Young's modulus = 1, area = 1, density = 1 and scaling factor = 1
1D linear elastic material with Young's modulus = 10, area = 2, density = 1 and scaling factor = 1
1D linear elastic material with Young's modulus = 1, area = 1, density = 1 and scaling factor = 1
1D linear elastic material with Young's modulus = 10, area = 2, density = 1 and scaling factor = 1
1D linear elastic material with Young's modulus = 1, area = 1, density = 1 and scaling factor = 1
1D linear elastic material with Young's modulus = 10, area = 2, density = 1 and scaling factor = 1
1D linear elastic material with Young's modulus = 1, area = 1, density = 1 and scaling factor = 1
1D linear elastic material with Young's modulus = 10, area = 2, density = 1 and scaling factor = 1
1D linear elastic material with Young's modulus = 1, area = 1, density = 1 and scaling factor = 1
1D linear elastic material with Young's modulus = 10, area = 2, density = 1 and scaling factor = 1
1D linear elastic material with Young's modulus = 1, area = 1, density = 1 and scaling factor = 1
1D linear elastic material with Young's modulus = 10, area = 2, density = 1 and scaling factor = 1
1D linear elastic material with Young's modulus = 1, area = 1, density = 1 and scaling factor = 1
1D linear elastic material with Young's modulus = 10, area = 2, density = 1 and scaling factor = 1
1D linear elastic material with Young's modulus = 1, area = 1, density = 1 and scaling factor = 1
1D linear elastic material with Young's modulus = 10, area = 2, density = 1 and scaling factor = 1
1D linear elastic material with Young's modulus = 1, area = 1, density = 1 and scaling factor = 1
1D linear elastic material with Young's modulus = 10, area = 2, density = 1 and scaling factor = 1
1D linear elastic material with Young's modulus = 1, area = 1, density = 1 and scaling factor = 1
1D linear elastic material with Young's modulus = 10, area = 2, density = 1 and scaling factor = 1
1D linear elastic material with Young's modulus = 1, area = 1, density = 1 and scaling factor = 1
1D linear elastic material with Young's modulus = 10, area = 2, density = 1 and scaling factor = 1
1D linear elastic material with Young's modulus = 1, area = 1, density = 1 and scaling factor = 1
1D linear elastic material with Young's modulus = 10, area = 2, density = 1 and scaling factor = 1
1D linear elastic material with Young's modulus = 1, area = 1, density = 1 and scaling factor = 1
1D linear elastic material with Young's modulus = 10, area = 2, density = 1 and scaling factor = 1
1D linear elastic material with Young's modulus = 1, area = 1, density = 1 and scaling factor = 1
1D linear elastic material with Young's modulus = 10, area = 2, density = 1 and scaling factor = 1
1D linear elastic material with Young's modulus = 1, area = 1, density = 1 and scaling factor = 1
1D linear elastic material with Young's modulus = 10, area = 2, density = 1 and scaling factor = 1
1D linear elastic material with Young's modulus = 1, area = 1, density = 1 and scaling factor = 1
1D linear elastic material with Young's modulus = 10, area = 2, density = 1 and scaling factor = 1
1D linear elastic material with Young's modulus = 1, area = 1, density = 1 and scaling factor = 1
1D linear elastic material with Young's modulus = 10, area = 2, density = 1 and scaling factor = 1
1D linear elastic material with Young's modulus = 1, area = 1, density = 1 and scaling factor = 1
1D linear elastic material with Young's modulus = 10, area = 2, density = 1 and scaling factor = 1
1D linear elastic material with Young's modulus = 1, area = 1, density = 1 and scaling factor = 1
1D linear elastic material with Young's modulus = 10, area = 2, density = 1 and scaling factor = 1
1D linear elastic material with Young's modulus = 1, area = 1, density = 1 and scaling factor = 1
1D linear elastic material with Young's modulus = 10, area = 2, density = 1 and scaling factor = 1
1D linear elastic material with Young's modulus = 1, area = 1, density = 1 and scaling factor = 1
1D linear elastic material with Young's modulus = 10, area = 2, density = 1 and scaling factor = 1
1D linear elastic material with Young's modulus = 1, area = 1, density = 1 and scaling factor = 1
