Using Polynomial Degree Sorting.
1D linear elastic material with Young's modulus = 1, area = 1, density = 0 and scaling factor = 0
Creating nodes......
Creating edges......
Creating elements......
Using Polynomial Degree Sorting.
1D linear elastic material with Young's modulus = 1, area = 1, density = 0 and scaling factor = 0
Creating nodes......
Creating edges......
Creating elements......
Using Polynomial Degree Sorting.
1D linear elastic material with Young's modulus = 1, area = 1, density = 0 and scaling factor = 0
Creating nodes......
Creating edges......
Creating elements......
Using Polynomial Degree Sorting.
1D linear elastic material with Young's modulus = 1, area = 1, density = 0 and scaling factor = 0
Creating nodes......
Creating edges......
Creating elements......
Using Polynomial Degree Sorting.
1D linear elastic material with Young's modulus = 1, area = 1, density = 0 and scaling factor = 1
Creating nodes......
Creating edges......
Creating elements......
Assembling global load vector F......
Assembling global load vector F finished. Cost 0.944s
Using Polynomial Degree Sorting.
1D linear elastic material with Young's modulus = 1, area = 1, density = 0 and scaling factor = 1
Creating nodes......
Creating edges......
Creating elements......
Calculating global stiffness matrix K......
    nDofs = 7
    Tcalc: 0.49179
    TScatter: 0.0096757
Calculating global stiffness matrix K finished. Cost 0.518s
Using Topological Sorting.
3D linear elastic material with Young's modulus = 1, Poissons ratio = 0.3 and density = 0 and scaling factor = 0
Creating nodes......
Creating edges......
Creating faces......
Creating solids......
Creating elements......
Using Topological Sorting.
3D linear elastic material with Young's modulus = 1, Poissons ratio = 0.3 and density = 0 and scaling factor = 0
Creating nodes......
Creating edges......
Creating faces......
Creating solids......
Creating elements......
Using Topological Sorting.
3D linear elastic material with Young's modulus = 1, Poissons ratio = 0.3 and density = 0 and scaling factor = 0
Creating nodes......
Creating edges......
Creating faces......
Creating solids......
Creating elements......
Using Topological Sorting.
3D linear elastic material with Young's modulus = 1, Poissons ratio = 0.3 and density = 2 and scaling factor = 1
Creating nodes......
Creating edges......
Creating faces......
Creating solids......
Creating elements......
Using Topological Sorting.
3D linear elastic material with Young's modulus = 1, Poissons ratio = 0.3 and density = 2 and scaling factor = 1
Creating nodes......
Creating edges......
Creating faces......
Creating solids......
Creating elements......
Using Topological Sorting.
3D linear elastic material with Young's modulus = 1, Poissons ratio = 0.3 and density = 2 and scaling factor = 1
Creating nodes......
Creating edges......
Creating faces......
Creating solids......
Creating elements......
Using Topological Sorting.
3D linear elastic material with Young's modulus = 1, Poissons ratio = 0.3 and density = 2 and scaling factor = 0
Creating nodes......
Creating edges......
Creating faces......
Creating solids......
Creating elements......
Using Topological Sorting.
3D linear elastic material with Young's modulus = 1, Poissons ratio = 0.3 and density = 2 and scaling factor = 0
Creating nodes......
Creating edges......
Creating faces......
Creating solids......
Creating elements......
Using Topological Sorting.
3D linear elastic material with Young's modulus = 1, Poissons ratio = 0.3 and density = 2 and scaling factor = 0
Creating nodes......
Creating edges......
Creating faces......
Creating solids......
Creating elements......
Using Polynomial Degree Sorting.
1D linear elastic material with Young's modulus = 1, area = 1, density = 0 and scaling factor = 0
Creating nodes......
Creating edges......
Creating elements......
Using Polynomial Degree Sorting.
1D linear elastic material with Young's modulus = 1, area = 1, density = 0 and scaling factor = 0
Creating nodes......
Creating edges......
Creating elements......
Using Polynomial Degree Sorting.
1D linear elastic material with Young's modulus = 1, area = 1, density = 0 and scaling factor = 0
Creating nodes......
Creating edges......
Creating elements......
Using Polynomial Degree Sorting.
1D linear elastic material with Young's modulus = 1, area = 1, density = 0 and scaling factor = 0
Creating nodes......
Creating edges......
Creating elements......
Using Polynomial Degree Sorting.
1D linear elastic material with Young's modulus = 1, area = 1, density = 0 and scaling factor = 1
Creating nodes......
Creating edges......
Creating elements......
Assembling global load vector F......
Assembling global load vector F finished. Cost 0.729s
Using Polynomial Degree Sorting.
1D linear elastic material with Young's modulus = 1, area = 1, density = 0 and scaling factor = 1
Creating nodes......
Creating edges......
Creating elements......
Calculating global stiffness matrix K......
    nDofs = 7
    Tcalc: 0.39308
    TScatter: 0.023945
Calculating global stiffness matrix K finished. Cost 0.432s
Using Topological Sorting.
3D linear elastic material with Young's modulus = 1, Poissons ratio = 0.3 and density = 0 and scaling factor = 0
Creating nodes......
Creating edges......
Creating faces......
Creating solids......
Creating elements......
Using Topological Sorting.
3D linear elastic material with Young's modulus = 1, Poissons ratio = 0.3 and density = 0 and scaling factor = 0
Creating nodes......
Creating edges......
Creating faces......
Creating solids......
Creating elements......
Using Topological Sorting.
3D linear elastic material with Young's modulus = 1, Poissons ratio = 0.3 and density = 0 and scaling factor = 0
Creating nodes......
Creating edges......
Creating faces......
Creating solids......
Creating elements......
Using Topological Sorting.
3D linear elastic material with Young's modulus = 1, Poissons ratio = 0.3 and density = 2 and scaling factor = 1
Creating nodes......
Creating edges......
Creating faces......
Creating solids......
Creating elements......
Using Topological Sorting.
3D linear elastic material with Young's modulus = 1, Poissons ratio = 0.3 and density = 2 and scaling factor = 1
Creating nodes......
Creating edges......
Creating faces......
Creating solids......
Creating elements......
Using Topological Sorting.
3D linear elastic material with Young's modulus = 1, Poissons ratio = 0.3 and density = 2 and scaling factor = 1
Creating nodes......
Creating edges......
Creating faces......
Creating solids......
Creating elements......
Using Topological Sorting.
3D linear elastic material with Young's modulus = 1, Poissons ratio = 0.3 and density = 2 and scaling factor = 0
Creating nodes......
Creating edges......
Creating faces......
Creating solids......
Creating elements......
Using Topological Sorting.
3D linear elastic material with Young's modulus = 1, Poissons ratio = 0.3 and density = 2 and scaling factor = 0
Creating nodes......
Creating edges......
Creating faces......
Creating solids......
Creating elements......
Using Topological Sorting.
3D linear elastic material with Young's modulus = 1, Poissons ratio = 0.3 and density = 2 and scaling factor = 0
Creating nodes......
Creating edges......
Creating faces......
Creating solids......
Creating elements......
Using Polynomial Degree Sorting.
1D linear elastic material with Young's modulus = 1, area = 1, density = 0 and scaling factor = 0
Creating nodes......
Creating edges......
Creating elements......
Using Polynomial Degree Sorting.
1D linear elastic material with Young's modulus = 1, area = 1, density = 0 and scaling factor = 0
Creating nodes......
Creating edges......
Creating elements......
Using Polynomial Degree Sorting.
1D linear elastic material with Young's modulus = 1, area = 1, density = 0 and scaling factor = 0
Creating nodes......
Creating edges......
Creating elements......
Using Polynomial Degree Sorting.
1D linear elastic material with Young's modulus = 1, area = 1, density = 0 and scaling factor = 0
Creating nodes......
Creating edges......
Creating elements......
Using Polynomial Degree Sorting.
1D linear elastic material with Young's modulus = 1, area = 1, density = 0 and scaling factor = 1
Creating nodes......
Creating edges......
Creating elements......
Assembling global load vector F......
Assembling global load vector F finished. Cost 0.685s
Using Polynomial Degree Sorting.
1D linear elastic material with Young's modulus = 1, area = 1, density = 0 and scaling factor = 1
Creating nodes......
Creating edges......
Creating elements......
Calculating global stiffness matrix K......
    nDofs = 7
    Tcalc: 0.38059
    TScatter: 0.003115
Calculating global stiffness matrix K finished. Cost 0.399s
Using Topological Sorting.
3D linear elastic material with Young's modulus = 1, Poissons ratio = 0.3 and density = 0 and scaling factor = 0
Creating nodes......
Creating edges......
Creating faces......
Creating solids......
Creating elements......
Using Topological Sorting.
3D linear elastic material with Young's modulus = 1, Poissons ratio = 0.3 and density = 0 and scaling factor = 0
Creating nodes......
Creating edges......
Creating faces......
Creating solids......
Creating elements......
Using Topological Sorting.
3D linear elastic material with Young's modulus = 1, Poissons ratio = 0.3 and density = 0 and scaling factor = 0
Creating nodes......
Creating edges......
Creating faces......
Creating solids......
Creating elements......
Using Topological Sorting.
3D linear elastic material with Young's modulus = 1, Poissons ratio = 0.3 and density = 2 and scaling factor = 1
Creating nodes......
Creating edges......
Creating faces......
Creating solids......
Creating elements......
Using Topological Sorting.
3D linear elastic material with Young's modulus = 1, Poissons ratio = 0.3 and density = 2 and scaling factor = 1
Creating nodes......
Creating edges......
Creating faces......
Creating solids......
Creating elements......
Using Topological Sorting.
3D linear elastic material with Young's modulus = 1, Poissons ratio = 0.3 and density = 2 and scaling factor = 1
Creating nodes......
Creating edges......
Creating faces......
Creating solids......
Creating elements......
Using Topological Sorting.
3D linear elastic material with Young's modulus = 1, Poissons ratio = 0.3 and density = 2 and scaling factor = 0
Creating nodes......
Creating edges......
Creating faces......
Creating solids......
Creating elements......
Using Topological Sorting.
3D linear elastic material with Young's modulus = 1, Poissons ratio = 0.3 and density = 2 and scaling factor = 0
Creating nodes......
Creating edges......
Creating faces......
Creating solids......
Creating elements......
Using Topological Sorting.
3D linear elastic material with Young's modulus = 1, Poissons ratio = 0.3 and density = 2 and scaling factor = 0
Creating nodes......
Creating edges......
Creating faces......
Creating solids......
Creating elements......
Using Polynomial Degree Sorting.
1D linear elastic material with Young's modulus = 1, area = 1, density = 0 and scaling factor = 0
Creating nodes......
Creating edges......
Creating elements......
Using Polynomial Degree Sorting.
1D linear elastic material with Young's modulus = 1, area = 1, density = 0 and scaling factor = 0
Creating nodes......
Creating edges......
Creating elements......
Using Polynomial Degree Sorting.
1D linear elastic material with Young's modulus = 1, area = 1, density = 0 and scaling factor = 0
Creating nodes......
Creating edges......
Creating elements......
Using Polynomial Degree Sorting.
1D linear elastic material with Young's modulus = 1, area = 1, density = 0 and scaling factor = 0
Creating nodes......
Creating edges......
Creating elements......
Using Polynomial Degree Sorting.
1D linear elastic material with Young's modulus = 1, area = 1, density = 0 and scaling factor = 1
Creating nodes......
Creating edges......
Creating elements......
Assembling global load vector F......
Assembling global load vector F finished. Cost 0.723s
Using Polynomial Degree Sorting.
1D linear elastic material with Young's modulus = 1, area = 1, density = 0 and scaling factor = 1
Creating nodes......
Creating edges......
Creating elements......
Calculating global stiffness matrix K......
    nDofs = 7
    Tcalc: 0.39316
    TScatter: 0.003109
Calculating global stiffness matrix K finished. Cost 0.411s
Using Topological Sorting.
3D linear elastic material with Young's modulus = 1, Poissons ratio = 0.3 and density = 0 and scaling factor = 0
Creating nodes......
Creating edges......
Creating faces......
Creating solids......
Creating elements......
Using Topological Sorting.
3D linear elastic material with Young's modulus = 1, Poissons ratio = 0.3 and density = 0 and scaling factor = 0
Creating nodes......
Creating edges......
Creating faces......
Creating solids......
Creating elements......
Using Topological Sorting.
3D linear elastic material with Young's modulus = 1, Poissons ratio = 0.3 and density = 0 and scaling factor = 0
Creating nodes......
Creating edges......
Creating faces......
Creating solids......
Creating elements......
Using Topological Sorting.
3D linear elastic material with Young's modulus = 1, Poissons ratio = 0.3 and density = 2 and scaling factor = 1
Creating nodes......
Creating edges......
Creating faces......
Creating solids......
Creating elements......
Using Topological Sorting.
3D linear elastic material with Young's modulus = 1, Poissons ratio = 0.3 and density = 2 and scaling factor = 1
Creating nodes......
Creating edges......
Creating faces......
Creating solids......
Creating elements......
Using Topological Sorting.
3D linear elastic material with Young's modulus = 1, Poissons ratio = 0.3 and density = 2 and scaling factor = 1
Creating nodes......
Creating edges......
Creating faces......
Creating solids......
Creating elements......
Using Topological Sorting.
3D linear elastic material with Young's modulus = 1, Poissons ratio = 0.3 and density = 2 and scaling factor = 0
Creating nodes......
Creating edges......
Creating faces......
Creating solids......
Creating elements......
Using Topological Sorting.
3D linear elastic material with Young's modulus = 1, Poissons ratio = 0.3 and density = 2 and scaling factor = 0
Creating nodes......
Creating edges......
Creating faces......
Creating solids......
Creating elements......
Using Topological Sorting.
3D linear elastic material with Young's modulus = 1, Poissons ratio = 0.3 and density = 2 and scaling factor = 0
Creating nodes......
Creating edges......
Creating faces......
Creating solids......
Creating elements......
