Using Polynomial Degree Sorting.
1D linear elastic material with Young's modulus = 1, area = 1, density = 0 and scaling factor = 1
Creating nodes......
Creating edges......
Creating elements......
Using Polynomial Degree Sorting.
1D linear elastic material with Young's modulus = 1, area = 1, density = 0 and scaling factor = 1
Creating nodes......
Creating edges......
Creating elements......
Using Polynomial Degree Sorting.
1D linear elastic material with Young's modulus = 1, area = 1, density = 0 and scaling factor = 1
Creating nodes......
Creating edges......
Creating elements......
Using Polynomial Degree Sorting.
1D linear elastic material with Young's modulus = 1, area = 1, density = 0 and scaling factor = 1
Creating nodes......
Creating edges......
Creating elements......
Using Polynomial Degree Sorting.
2D linear elastic plane strain material with Young's modulus = 1, Poissons ratio = 0.5 and density = 7 and scaling factor = 1
Creating nodes......
Creating edges......
Creating faces......
Creating elements......
Using Polynomial Degree Sorting.
2D linear elastic plane strain material with Young's modulus = 1, Poissons ratio = 0.5 and density = 7 and scaling factor = 1
Creating nodes......
Creating edges......
Creating faces......
Creating elements......
Using Polynomial Degree Sorting.
2D linear elastic plane strain material with Young's modulus = 1, Poissons ratio = 0.5 and density = 7 and scaling factor = 1
Creating nodes......
Creating edges......
Creating faces......
Creating elements......
Using Polynomial Degree Sorting.
2D linear elastic plane strain material with Young's modulus = 1, Poissons ratio = 0.5 and density = 7 and scaling factor = 1
Creating nodes......
Creating edges......
Creating faces......
Creating elements......
Using Polynomial Degree Sorting.
2D linear elastic plane strain material with Young's modulus = 1, Poissons ratio = 0.5 and density = 7 and scaling factor = 1
Creating nodes......
Creating edges......
Creating faces......
Creating elements......
Using Polynomial Degree Sorting.
3D linear elastic material with Young's modulus = 1, Poissons ratio = 0.3 and density = 3 and scaling factor = 1
Creating nodes......
Creating edges......
Creating faces......
Creating solids......
Creating elements......
Using Polynomial Degree Sorting.
3D linear elastic material with Young's modulus = 1, Poissons ratio = 0.3 and density = 3 and scaling factor = 1
Creating nodes......
Creating edges......
Creating faces......
Creating solids......
Creating elements......
Using Polynomial Degree Sorting.
3D linear elastic material with Young's modulus = 1, Poissons ratio = 0.3 and density = 3 and scaling factor = 1
Creating nodes......
Creating edges......
Creating faces......
Creating solids......
Creating elements......
Using Polynomial Degree Sorting.
3D linear elastic material with Young's modulus = 1, Poissons ratio = 0.3 and density = 3 and scaling factor = 1
Creating nodes......
Creating edges......
Creating faces......
Creating solids......
Creating elements......
Using Polynomial Degree Sorting.
3D linear elastic material with Young's modulus = 1, Poissons ratio = 0.3 and density = 3 and scaling factor = 1
Creating nodes......
Creating edges......
Creating faces......
Creating solids......
Creating elements......
Using Polynomial Degree Sorting.
3D linear elastic material with Young's modulus = 1, Poissons ratio = 0.3 and density = 3 and scaling factor = 1
Creating nodes......
Creating edges......
Creating faces......
Creating solids......
Creating elements......
Using Polynomial Degree Sorting.
1D linear elastic material with Young's modulus = 1, area = 1, density = 0 and scaling factor = 1
Creating nodes......
Creating edges......
Creating elements......
Using Polynomial Degree Sorting.
1D linear elastic material with Young's modulus = 1, area = 1, density = 0 and scaling factor = 1
Creating nodes......
Creating edges......
Creating elements......
Using Polynomial Degree Sorting.
1D linear elastic material with Young's modulus = 1, area = 1, density = 0 and scaling factor = 1
Creating nodes......
Creating edges......
Creating elements......
Using Polynomial Degree Sorting.
1D linear elastic material with Young's modulus = 1, area = 1, density = 0 and scaling factor = 1
Creating nodes......
Creating edges......
Creating elements......
Using Polynomial Degree Sorting.
2D linear elastic plane strain material with Young's modulus = 1, Poissons ratio = 0.5 and density = 7 and scaling factor = 1
Creating nodes......
Creating edges......
Creating faces......
Creating elements......
Using Polynomial Degree Sorting.
2D linear elastic plane strain material with Young's modulus = 1, Poissons ratio = 0.5 and density = 7 and scaling factor = 1
Creating nodes......
Creating edges......
Creating faces......
Creating elements......
Using Polynomial Degree Sorting.
2D linear elastic plane strain material with Young's modulus = 1, Poissons ratio = 0.5 and density = 7 and scaling factor = 1
Creating nodes......
Creating edges......
Creating faces......
Creating elements......
Using Polynomial Degree Sorting.
2D linear elastic plane strain material with Young's modulus = 1, Poissons ratio = 0.5 and density = 7 and scaling factor = 1
Creating nodes......
Creating edges......
Creating faces......
Creating elements......
Using Polynomial Degree Sorting.
2D linear elastic plane strain material with Young's modulus = 1, Poissons ratio = 0.5 and density = 7 and scaling factor = 1
Creating nodes......
Creating edges......
Creating faces......
Creating elements......
Using Polynomial Degree Sorting.
3D linear elastic material with Young's modulus = 1, Poissons ratio = 0.3 and density = 3 and scaling factor = 1
Creating nodes......
Creating edges......
Creating faces......
Creating solids......
Creating elements......
Using Polynomial Degree Sorting.
3D linear elastic material with Young's modulus = 1, Poissons ratio = 0.3 and density = 3 and scaling factor = 1
Creating nodes......
Creating edges......
Creating faces......
Creating solids......
Creating elements......
Using Polynomial Degree Sorting.
3D linear elastic material with Young's modulus = 1, Poissons ratio = 0.3 and density = 3 and scaling factor = 1
Creating nodes......
Creating edges......
Creating faces......
Creating solids......
Creating elements......
Using Polynomial Degree Sorting.
3D linear elastic material with Young's modulus = 1, Poissons ratio = 0.3 and density = 3 and scaling factor = 1
Creating nodes......
Creating edges......
Creating faces......
Creating solids......
Creating elements......
Using Polynomial Degree Sorting.
3D linear elastic material with Young's modulus = 1, Poissons ratio = 0.3 and density = 3 and scaling factor = 1
Creating nodes......
Creating edges......
Creating faces......
Creating solids......
Creating elements......
Using Polynomial Degree Sorting.
3D linear elastic material with Young's modulus = 1, Poissons ratio = 0.3 and density = 3 and scaling factor = 1
Creating nodes......
Creating edges......
Creating faces......
Creating solids......
Creating elements......
Using Polynomial Degree Sorting.
1D linear elastic material with Young's modulus = 1, area = 1, density = 0 and scaling factor = 1
Creating nodes......
Creating edges......
Creating elements......
Using Polynomial Degree Sorting.
1D linear elastic material with Young's modulus = 1, area = 1, density = 0 and scaling factor = 1
Creating nodes......
Creating edges......
Creating elements......
Using Polynomial Degree Sorting.
1D linear elastic material with Young's modulus = 1, area = 1, density = 0 and scaling factor = 1
Creating nodes......
Creating edges......
Creating elements......
Using Polynomial Degree Sorting.
1D linear elastic material with Young's modulus = 1, area = 1, density = 0 and scaling factor = 1
Creating nodes......
Creating edges......
Creating elements......
Using Polynomial Degree Sorting.
2D linear elastic plane strain material with Young's modulus = 1, Poissons ratio = 0.5 and density = 7 and scaling factor = 1
Creating nodes......
Creating edges......
Creating faces......
Creating elements......
Using Polynomial Degree Sorting.
2D linear elastic plane strain material with Young's modulus = 1, Poissons ratio = 0.5 and density = 7 and scaling factor = 1
Creating nodes......
Creating edges......
Creating faces......
Creating elements......
Using Polynomial Degree Sorting.
2D linear elastic plane strain material with Young's modulus = 1, Poissons ratio = 0.5 and density = 7 and scaling factor = 1
Creating nodes......
Creating edges......
Creating faces......
Creating elements......
Using Polynomial Degree Sorting.
2D linear elastic plane strain material with Young's modulus = 1, Poissons ratio = 0.5 and density = 7 and scaling factor = 1
Creating nodes......
Creating edges......
Creating faces......
Creating elements......
Using Polynomial Degree Sorting.
2D linear elastic plane strain material with Young's modulus = 1, Poissons ratio = 0.5 and density = 7 and scaling factor = 1
Creating nodes......
Creating edges......
Creating faces......
Creating elements......
Using Polynomial Degree Sorting.
3D linear elastic material with Young's modulus = 1, Poissons ratio = 0.3 and density = 3 and scaling factor = 1
Creating nodes......
Creating edges......
Creating faces......
Creating solids......
Creating elements......
Using Polynomial Degree Sorting.
3D linear elastic material with Young's modulus = 1, Poissons ratio = 0.3 and density = 3 and scaling factor = 1
Creating nodes......
Creating edges......
Creating faces......
Creating solids......
Creating elements......
Using Polynomial Degree Sorting.
3D linear elastic material with Young's modulus = 1, Poissons ratio = 0.3 and density = 3 and scaling factor = 1
Creating nodes......
Creating edges......
Creating faces......
Creating solids......
Creating elements......
Using Polynomial Degree Sorting.
3D linear elastic material with Young's modulus = 1, Poissons ratio = 0.3 and density = 3 and scaling factor = 1
Creating nodes......
Creating edges......
Creating faces......
Creating solids......
Creating elements......
Using Polynomial Degree Sorting.
3D linear elastic material with Young's modulus = 1, Poissons ratio = 0.3 and density = 3 and scaling factor = 1
Creating nodes......
Creating edges......
Creating faces......
Creating solids......
Creating elements......
Using Polynomial Degree Sorting.
3D linear elastic material with Young's modulus = 1, Poissons ratio = 0.3 and density = 3 and scaling factor = 1
Creating nodes......
Creating edges......
Creating faces......
Creating solids......
Creating elements......
Using Polynomial Degree Sorting.
1D linear elastic material with Young's modulus = 1, area = 1, density = 0 and scaling factor = 1
Creating nodes......
Creating edges......
Creating elements......
Using Polynomial Degree Sorting.
1D linear elastic material with Young's modulus = 1, area = 1, density = 0 and scaling factor = 1
Creating nodes......
Creating edges......
Creating elements......
Using Polynomial Degree Sorting.
1D linear elastic material with Young's modulus = 1, area = 1, density = 0 and scaling factor = 1
Creating nodes......
Creating edges......
Creating elements......
Using Polynomial Degree Sorting.
1D linear elastic material with Young's modulus = 1, area = 1, density = 0 and scaling factor = 1
Creating nodes......
Creating edges......
Creating elements......
Using Polynomial Degree Sorting.
2D linear elastic plane strain material with Young's modulus = 1, Poissons ratio = 0.5 and density = 7 and scaling factor = 1
Creating nodes......
Creating edges......
Creating faces......
Creating elements......
Using Polynomial Degree Sorting.
2D linear elastic plane strain material with Young's modulus = 1, Poissons ratio = 0.5 and density = 7 and scaling factor = 1
Creating nodes......
Creating edges......
Creating faces......
Creating elements......
Using Polynomial Degree Sorting.
2D linear elastic plane strain material with Young's modulus = 1, Poissons ratio = 0.5 and density = 7 and scaling factor = 1
Creating nodes......
Creating edges......
Creating faces......
Creating elements......
Using Polynomial Degree Sorting.
2D linear elastic plane strain material with Young's modulus = 1, Poissons ratio = 0.5 and density = 7 and scaling factor = 1
Creating nodes......
Creating edges......
Creating faces......
Creating elements......
Using Polynomial Degree Sorting.
2D linear elastic plane strain material with Young's modulus = 1, Poissons ratio = 0.5 and density = 7 and scaling factor = 1
Creating nodes......
Creating edges......
Creating faces......
Creating elements......
Using Polynomial Degree Sorting.
3D linear elastic material with Young's modulus = 1, Poissons ratio = 0.3 and density = 3 and scaling factor = 1
Creating nodes......
Creating edges......
Creating faces......
Creating solids......
Creating elements......
Using Polynomial Degree Sorting.
3D linear elastic material with Young's modulus = 1, Poissons ratio = 0.3 and density = 3 and scaling factor = 1
Creating nodes......
Creating edges......
Creating faces......
Creating solids......
Creating elements......
Using Polynomial Degree Sorting.
3D linear elastic material with Young's modulus = 1, Poissons ratio = 0.3 and density = 3 and scaling factor = 1
Creating nodes......
Creating edges......
Creating faces......
Creating solids......
Creating elements......
Using Polynomial Degree Sorting.
3D linear elastic material with Young's modulus = 1, Poissons ratio = 0.3 and density = 3 and scaling factor = 1
Creating nodes......
Creating edges......
Creating faces......
Creating solids......
Creating elements......
Using Polynomial Degree Sorting.
3D linear elastic material with Young's modulus = 1, Poissons ratio = 0.3 and density = 3 and scaling factor = 1
Creating nodes......
Creating edges......
Creating faces......
Creating solids......
Creating elements......
Using Polynomial Degree Sorting.
3D linear elastic material with Young's modulus = 1, Poissons ratio = 0.3 and density = 3 and scaling factor = 1
Creating nodes......
Creating edges......
Creating faces......
Creating solids......
Creating elements......
