3D linear elastic material with Young's modulus = 5, Poissons ratio = 0.2 and density = 1 and scaling factor = 1
3D linear elastic material with Young's modulus = 5, Poissons ratio = 0.2 and density = 1 and scaling factor = 1
3D linear elastic material with Young's modulus = 5, Poissons ratio = 0.2 and density = 1 and scaling factor = 1
3D linear elastic material with Young's modulus = 5, Poissons ratio = 0.2 and density = 1 and scaling factor = 1
3D linear elastic material with Young's modulus = 5, Poissons ratio = 0.2 and density = 1 and scaling factor = 1
3D linear elastic material with Young's modulus = 5, Poissons ratio = 0.2 and density = 1 and scaling factor = 1
3D linear elastic material with Young's modulus = 5, Poissons ratio = 0.2 and density = 1 and scaling factor = 1
3D linear elastic material with Young's modulus = 5, Poissons ratio = 0.2 and density = 1 and scaling factor = 1
3D linear elastic material with Young's modulus = 5, Poissons ratio = 0.2 and density = 1 and scaling factor = 1
3D linear elastic material with Young's modulus = 5, Poissons ratio = 0.2 and density = 1 and scaling factor = 1
3D linear elastic material with Young's modulus = 5, Poissons ratio = 0.2 and density = 1 and scaling factor = 1
3D linear elastic material with Young's modulus = 5, Poissons ratio = 0.2 and density = 1 and scaling factor = 1
3D linear elastic material with Young's modulus = 5, Poissons ratio = 0.2 and density = 1 and scaling factor = 1
3D linear elastic material with Young's modulus = 5, Poissons ratio = 0.2 and density = 1 and scaling factor = 1
3D linear elastic material with Young's modulus = 5, Poissons ratio = 0.2 and density = 1 and scaling factor = 1
3D linear elastic material with Young's modulus = 5, Poissons ratio = 0.2 and density = 1 and scaling factor = 1
3D linear elastic material with Young's modulus = 5, Poissons ratio = 0.2 and density = 1 and scaling factor = 1
3D linear elastic material with Young's modulus = 5, Poissons ratio = 0.2 and density = 1 and scaling factor = 1
3D linear elastic material with Young's modulus = 5, Poissons ratio = 0.2 and density = 1 and scaling factor = 1
3D linear elastic material with Young's modulus = 5, Poissons ratio = 0.2 and density = 1 and scaling factor = 1
3D linear elastic material with Young's modulus = 5, Poissons ratio = 0.2 and density = 1 and scaling factor = 1
3D linear elastic material with Young's modulus = 5, Poissons ratio = 0.2 and density = 1 and scaling factor = 1
3D linear elastic material with Young's modulus = 5, Poissons ratio = 0.2 and density = 1 and scaling factor = 1
3D linear elastic material with Young's modulus = 5, Poissons ratio = 0.2 and density = 1 and scaling factor = 1
3D linear elastic material with Young's modulus = 5, Poissons ratio = 0.2 and density = 1 and scaling factor = 1
3D linear elastic material with Young's modulus = 5, Poissons ratio = 0.2 and density = 1 and scaling factor = 1
3D linear elastic material with Young's modulus = 5, Poissons ratio = 0.2 and density = 1 and scaling factor = 1
3D linear elastic material with Young's modulus = 5, Poissons ratio = 0.2 and density = 1 and scaling factor = 1
3D linear elastic material with Young's modulus = 5, Poissons ratio = 0.2 and density = 1 and scaling factor = 1
3D linear elastic material with Young's modulus = 5, Poissons ratio = 0.2 and density = 1 and scaling factor = 1
3D linear elastic material with Young's modulus = 5, Poissons ratio = 0.2 and density = 1 and scaling factor = 1
3D linear elastic material with Young's modulus = 5, Poissons ratio = 0.2 and density = 1 and scaling factor = 1
3D linear elastic material with Young's modulus = 5, Poissons ratio = 0.2 and density = 1 and scaling factor = 1
3D linear elastic material with Young's modulus = 5, Poissons ratio = 0.2 and density = 1 and scaling factor = 1
3D linear elastic material with Young's modulus = 5, Poissons ratio = 0.2 and density = 1 and scaling factor = 1
3D linear elastic material with Young's modulus = 5, Poissons ratio = 0.2 and density = 1 and scaling factor = 1
