We are logging!1 
We are logging!2 
We are logging!3 
We are logging!4 
We are logging!5 
